==> Generating pacman master key. This may take some time.
gpg: Generating pacman keyring master key...
gpg: revocation certificate stored as '/etc/pacman.d/gnupg/openpgp-revocs.d/A79634B2B842CAC3B1AF12C6926CD90241186E62.rev'
gpg: Done
==> Updating trust database...
gpg: Note: third-party key signatures using the SHA1 algorithm are rejected
gpg: (use option "--allow-weak-key-signatures" to override)
gpg: marginals needed: 3  completes needed: 1  trust model: pgp
gpg: depth: 0  valid:   2  signed:   5  trust: 0-, 0q, 0n, 0m, 0f, 2u
gpg: depth: 1  valid:   5  signed:  88  trust: 0-, 0q, 0n, 5m, 0f, 0u
gpg: depth: 2  valid:  77  signed:  18  trust: 77-, 0q, 0n, 0m, 0f, 0u
gpg: next trustdb check due at 2026-10-21
==> Appending keys from archlinux.gpg...
==> Locally signing trusted keys in keyring...
  -> Locally signed 5 keys.
==> Importing owner trust values...
==> Updating trust database...
gpg: Note: third-party key signatures using the SHA1 algorithm are rejected
gpg: (use option "--allow-weak-key-signatures" to override)
gpg: marginals needed: 3  completes needed: 1  trust model: pgp
gpg: depth: 0  valid:   2  signed:   5  trust: 0-, 0q, 0n, 0m, 0f, 2u
gpg: depth: 1  valid:   5  signed:  88  trust: 0-, 0q, 0n, 5m, 0f, 0u
gpg: depth: 2  valid:  77  signed:  18  trust: 77-, 0q, 0n, 0m, 0f, 0u
gpg: next trustdb check due at 2026-10-21
:: Synchronizing package databases...
 core downloading...
 extra downloading...
:: Starting full system upgrade...
resolving dependencies...
looking for conflicting packages...

Package (28)                  Old Version                  New Version                 Net Change  Download Size

core/binutils                 2.47-1                       2.47-4                        0.00 MiB       8.20 MiB
core/ca-certificates-mozilla  3.126-1                      3.127-1                       0.00 MiB       0.37 MiB
core/expat                    2.8.2-1                      2.8.3-1                       0.00 MiB       0.13 MiB
core/gcc-libs                 16.1.1+r595+g171d15ac6959-1  16.2.1+r23+gd564253eb6c8-1    0.00 MiB       0.00 MiB
core/glibc                    2.44+r5+g7cba77790f32-1      2.44+r24+g16be1518495f-1      0.04 MiB      10.38 MiB
core/gnupg                    2.4.9-2                      2.4.9-3                       0.00 MiB       2.89 MiB
core/libasan                  16.1.1+r595+g171d15ac6959-1  16.2.1+r23+gd564253eb6c8-1    0.00 MiB       0.51 MiB
core/libatomic                16.1.1+r595+g171d15ac6959-1  16.2.1+r23+gd564253eb6c8-1    0.00 MiB       0.01 MiB
core/libelf                   0.195-2                      0.195-8                       0.00 MiB       0.70 MiB
core/libffi                   3.7.1-1                      3.8.0-1                       0.00 MiB       0.05 MiB
core/libgcc                   16.1.1+r595+g171d15ac6959-1  16.2.1+r23+gd564253eb6c8-1    0.00 MiB       0.08 MiB
core/libgfortran              16.1.1+r595+g171d15ac6959-1  16.2.1+r23+gd564253eb6c8-1    0.00 MiB       0.90 MiB
core/libgomp                  16.1.1+r595+g171d15ac6959-1  16.2.1+r23+gd564253eb6c8-1    0.00 MiB       0.23 MiB
core/libhwasan                16.1.1+r595+g171d15ac6959-1  16.2.1+r23+gd564253eb6c8-1    0.00 MiB       0.27 MiB
core/liblsan                  16.1.1+r595+g171d15ac6959-1  16.2.1+r23+gd564253eb6c8-1    0.00 MiB       0.22 MiB
core/libmakepkg-dropins       20-1                         20-2                          0.00 MiB       0.01 MiB
core/libobjc                  16.1.1+r595+g171d15ac6959-1  16.2.1+r23+gd564253eb6c8-1    0.00 MiB       0.04 MiB
core/libp11-kit               0.26.4-1                     0.26.5-1                      0.00 MiB       0.51 MiB
core/libquadmath              16.1.1+r595+g171d15ac6959-1  16.2.1+r23+gd564253eb6c8-1    0.00 MiB       0.16 MiB
core/libstdc++                16.1.1+r595+g171d15ac6959-1  16.2.1+r23+gd564253eb6c8-1    0.00 MiB       0.84 MiB
extra/libsysprof-capture      50.0-4                       50.0-6                        0.00 MiB       0.05 MiB
core/libtsan                  16.1.1+r595+g171d15ac6959-1  16.2.1+r23+gd564253eb6c8-1    0.00 MiB       0.45 MiB
core/libubsan                 16.1.1+r595+g171d15ac6959-1  16.2.1+r23+gd564253eb6c8-1    0.00 MiB       0.20 MiB
core/p11-kit                  0.26.4-1                     0.26.5-1                      0.00 MiB       0.25 MiB
core/procps-ng                4.0.6-3                      4.0.7-1                       0.00 MiB       0.98 MiB
core/sed                      4.10-1                       4.10-2                       -0.07 MiB       0.21 MiB
core/tar                      1.35-2                       1.35-3                        0.01 MiB       0.75 MiB
core/tpm2-tss                 4.1.3-1                      4.2.0-2                       0.38 MiB       0.99 MiB

Total Download Size:    30.38 MiB
Total Installed Size:  136.67 MiB
Net Upgrade Size:        0.37 MiB

:: Proceed with installation? [Y/n] 
:: Retrieving packages...
 glibc-2.44+r24+g16be1518495f-1-x86_64 downloading...
 binutils-2.47-4-x86_64 downloading...
 gnupg-2.4.9-3-x86_64 downloading...
 tpm2-tss-4.2.0-2-x86_64 downloading...
 procps-ng-4.0.7-1-x86_64 downloading...
 libgfortran-16.2.1+r23+gd564253eb6c8-1-x86_64 downloading...
 libstdc++-16.2.1+r23+gd564253eb6c8-1-x86_64 downloading...
 tar-1.35-3-x86_64 downloading...
 libelf-0.195-8-x86_64 downloading...
 libasan-16.2.1+r23+gd564253eb6c8-1-x86_64 downloading...
 libp11-kit-0.26.5-1-x86_64 downloading...
 libtsan-16.2.1+r23+gd564253eb6c8-1-x86_64 downloading...
 ca-certificates-mozilla-3.127-1-x86_64 downloading...
 libhwasan-16.2.1+r23+gd564253eb6c8-1-x86_64 downloading...
 p11-kit-0.26.5-1-x86_64 downloading...
 libgomp-16.2.1+r23+gd564253eb6c8-1-x86_64 downloading...
 liblsan-16.2.1+r23+gd564253eb6c8-1-x86_64 downloading...
 sed-4.10-2-x86_64 downloading...
 libubsan-16.2.1+r23+gd564253eb6c8-1-x86_64 downloading...
 libquadmath-16.2.1+r23+gd564253eb6c8-1-x86_64 downloading...
 expat-2.8.3-1-x86_64 downloading...
 libgcc-16.2.1+r23+gd564253eb6c8-1-x86_64 downloading...
 libffi-3.8.0-1-x86_64 downloading...
 libsysprof-capture-50.0-6-x86_64 downloading...
 libobjc-16.2.1+r23+gd564253eb6c8-1-x86_64 downloading...
 libatomic-16.2.1+r23+gd564253eb6c8-1-x86_64 downloading...
 libmakepkg-dropins-20-2-any downloading...
 gcc-libs-16.2.1+r23+gd564253eb6c8-1-x86_64 downloading...
checking keyring...
checking package integrity...
loading package files...
checking for file conflicts...
:: Processing package changes...
upgrading glibc...
upgrading libgcc...
upgrading libstdc++...
upgrading libffi...
upgrading libp11-kit...
upgrading p11-kit...
upgrading ca-certificates-mozilla...
upgrading libelf...
upgrading binutils...
upgrading expat...
upgrading libasan...
upgrading libatomic...
upgrading libgfortran...
upgrading libgomp...
upgrading libhwasan...
upgrading liblsan...
upgrading libobjc...
upgrading libquadmath...
upgrading libtsan...
upgrading libubsan...
upgrading gcc-libs...
upgrading tpm2-tss...
warning: /etc/tpm2-tss/fapi-profiles/P_ECCP384SHA384.json installed as /etc/tpm2-tss/fapi-profiles/P_ECCP384SHA384.json.pacnew
warning: /etc/tpm2-tss/fapi-profiles/P_RSA3072SHA384.json installed as /etc/tpm2-tss/fapi-profiles/P_RSA3072SHA384.json.pacnew
upgrading libsysprof-capture...
upgrading gnupg...
upgrading sed...
upgrading libmakepkg-dropins...
upgrading procps-ng...
upgrading tar...
:: Running post-transaction hooks...
( 1/11) Generating the configured locale...
Generating locales...
Generation complete.
( 2/11) Configuring dynamic linker run-time bindings...
( 3/11) Creating iconv module configuration cache...
( 4/11) Creating system user accounts...
Failed to connect to audit log, ignoring: Invalid argument
( 5/11) Creating temporary files...
/usr/lib/tmpfiles.d/journal-nocow.conf:26: Failed to resolve specifier: uninitialized /etc/ detected, skipping.
All rules containing unresolvable specifiers will be skipped.
( 6/11) Reloading system manager configuration...
  Skipped: Current root is not booted.
( 7/11) Reloading user manager configuration...
  Skipped: Current root is not booted.
( 8/11) Enqueuing marked services...
  Skipped: Current root is not booted.
( 9/11) Reloading device manager configuration...
  Skipped: Current root is not booted.
(10/11) Arming ConditionNeedsUpdate...
(11/11) Rebuilding certificate stores...
resolving dependencies...
looking for conflicting packages...

Package (39)            New Version                 Net Change  Download Size

core/autoconf           2.73-1                        2.25 MiB       0.64 MiB
core/automake           1.18.1-1                      1.64 MiB       0.62 MiB
core/bison              3.8.2-8                       2.52 MiB       0.75 MiB
extra/boost-libs        1.91.0-2                     50.77 MiB       6.15 MiB
extra/cpio              2.15-3                        0.98 MiB       0.22 MiB
core/db5.3              5.3.28-7                      6.48 MiB       1.26 MiB
core/debugedit          5.3-2                         0.13 MiB       0.05 MiB
core/diffutils          3.12-2                        1.50 MiB       0.33 MiB
core/elfutils           0.195-8                       3.64 MiB       0.60 MiB
core/fakeroot           1:1.37.2-3                    0.14 MiB       0.08 MiB
core/flex               2.6.4-6                       0.84 MiB       0.29 MiB
core/gc                 8.2.12-1                      0.76 MiB       0.23 MiB
core/gcc                16.2.1+r23+gd564253eb6c8-1  220.89 MiB      57.93 MiB
extra/gdb               17.2-1                       31.93 MiB       8.16 MiB
extra/gdb-common        17.2-1                        1.13 MiB       0.12 MiB
core/groff              1.24.1-1                      9.01 MiB       2.40 MiB
core/guile              3.0.11-1                     54.49 MiB       8.39 MiB
core/libisl             0.28-1                        5.90 MiB       0.94 MiB
core/libmpc             1.4.1-1                       0.19 MiB       0.09 MiB
core/libtool            2.6.2-5                       2.34 MiB       0.42 MiB
core/m4                 1.4.21-2                      0.71 MiB       0.27 MiB
core/make               4.4.1-3                       1.66 MiB       0.51 MiB
core/mpdecimal          4.0.1-3                       0.32 MiB       0.10 MiB
core/patch              2.8-1                         0.17 MiB       0.08 MiB
core/perl               5.42.2-2                     70.28 MiB      20.49 MiB
extra/perl-error        0.17030-3                     0.04 MiB       0.02 MiB
extra/perl-mailtools    2.22-3                        0.10 MiB       0.06 MiB
extra/perl-timedate     2.35-1                        0.15 MiB       0.06 MiB
core/pkgconf            3.0.5-1                       0.34 MiB       0.12 MiB
core/python             3.14.7-1                     73.62 MiB      13.53 MiB
extra/source-highlight  3.1.9-18                      3.24 MiB       0.67 MiB
core/sudo               1.9.17.p2-6                   7.85 MiB       1.86 MiB
core/texinfo            7.3-1                        12.67 MiB       2.12 MiB
core/which              2.25-1                        0.03 MiB       0.02 MiB
extra/xxhash            0.8.3-1                       0.39 MiB       0.10 MiB
extra/zlib-ng           2.3.3-1                       0.28 MiB       0.11 MiB
core/base-devel         1-2                           0.00 MiB       0.00 MiB
extra/git               2.55.0-1                     31.33 MiB       7.11 MiB
extra/go-md2man         2.0.7-2                       2.57 MiB       0.90 MiB

Total Download Size:   137.77 MiB
Total Installed Size:  603.31 MiB

:: Proceed with installation? [Y/n] 
:: Retrieving packages...
 gcc-16.2.1+r23+gd564253eb6c8-1-x86_64 downloading...
 perl-5.42.2-2-x86_64 downloading...
 python-3.14.7-1-x86_64 downloading...
 guile-3.0.11-1-x86_64 downloading...
 gdb-17.2-1-x86_64 downloading...
 git-2.55.0-1-x86_64 downloading...
 boost-libs-1.91.0-2-x86_64 downloading...
 groff-1.24.1-1-x86_64 downloading...
 texinfo-7.3-1-x86_64 downloading...
 sudo-1.9.17.p2-6-x86_64 downloading...
 db5.3-5.3.28-7-x86_64 downloading...
 libisl-0.28-1-x86_64 downloading...
 go-md2man-2.0.7-2-x86_64 downloading...
 bison-3.8.2-8-x86_64 downloading...
 source-highlight-3.1.9-18-x86_64 downloading...
 autoconf-2.73-1-any downloading...
 automake-1.18.1-1-any downloading...
 elfutils-0.195-8-x86_64 downloading...
 make-4.4.1-3-x86_64 downloading...
 libtool-2.6.2-5-x86_64 downloading...
 diffutils-3.12-2-x86_64 downloading...
 flex-2.6.4-6-x86_64 downloading...
 m4-1.4.21-2-x86_64 downloading...
 gc-8.2.12-1-x86_64 downloading...
 cpio-2.15-3-x86_64 downloading...
 pkgconf-3.0.5-1-x86_64 downloading...
 gdb-common-17.2-1-x86_64 downloading...
 zlib-ng-2.3.3-1-x86_64 downloading...
 mpdecimal-4.0.1-3-x86_64 downloading...
 xxhash-0.8.3-1-x86_64 downloading...
 libmpc-1.4.1-1-x86_64 downloading...
 patch-2.8-1-x86_64 downloading...
 fakeroot-1:1.37.2-3-x86_64 downloading...
 perl-timedate-2.35-1-any downloading...
 perl-mailtools-2.22-3-any downloading...
 debugedit-5.3-2-x86_64 downloading...
 perl-error-0.17030-3-any downloading...
 which-2.25-1-x86_64 downloading...
 base-devel-1-2-any downloading...
checking keyring...
checking package integrity...
loading package files...
checking for file conflicts...
:: Processing package changes...
installing m4...
installing diffutils...
installing db5.3...
installing perl...
installing autoconf...
installing automake...
installing bison...
installing xxhash...
installing cpio...
installing elfutils...
installing boost-libs...
Optional dependencies for boost-libs
    openmpi: for mpi support
installing mpdecimal...
installing python...
Optional dependencies for python
    python-setuptools: for building Python packages using tooling that is usually bundled with Python
    python-pip: for installing Python packages using tooling that is usually bundled with Python
    python-pipx: for installing Python software not packaged on Arch Linux
    sqlite: for a default database integration [installed]
    xz: for lzma [installed]
    tk: for tkinter
installing gc...
installing guile...
installing gdb-common...
installing source-highlight...
Optional dependencies for source-highlight
    lesspipe: src-hilite-lesspipe.sh
installing gdb...
installing debugedit...
installing fakeroot...
installing flex...
installing libisl...
installing libmpc...
installing gcc...
Optional dependencies for gcc
    lib32-gcc-libs: for generating code for 32-bit ABI
installing groff...
Optional dependencies for groff
    netpbm: for use together with man -H command interaction in browsers
    psutils: for use together with man -H command interaction in browsers
    libxaw: for gxditview
    perl-file-homedir: for use with glilypond
installing libtool...
installing make...
installing patch...
Optional dependencies for patch
    ed: for patch -e functionality
installing pkgconf...
installing sudo...
installing texinfo...
Optional dependencies for texinfo
    perl-archive-zip: EPUB file output via texi2any
installing which...
installing base-devel...
installing perl-error...
installing perl-timedate...
installing perl-mailtools...
installing zlib-ng...
installing git...
Optional dependencies for git
    git-zsh-completion: upstream zsh completion
    tk: gitk and git gui
    openssh: ssh transport and crypto
    man: show help with `git command --help`
    perl-libwww: git svn
    perl-term-readkey: git svn and interactive.singlekey setting
    perl-io-socket-ssl: git send-email TLS support
    perl-authen-sasl: git send-email TLS support
    perl-cgi: gitweb (web interface) support
    python: git svn & git p4 [installed]
    subversion: git svn
    org.freedesktop.secrets: keyring credential helper
    libsecret: libsecret credential helper [installed]
    less: the default pager for git
installing go-md2man...
:: Running post-transaction hooks...
(1/6) Configuring dynamic linker run-time bindings...
(2/6) Creating system user accounts...
Failed to connect to audit log, ignoring: Invalid argument
Creating group 'git' with GID 969.
Creating user 'git' (git daemon user) with UID 969 and GID 969.
(3/6) Creating temporary files...
/usr/lib/tmpfiles.d/journal-nocow.conf:26: Failed to resolve specifier: uninitialized /etc/ detected, skipping.
All rules containing unresolvable specifiers will be skipped.
(4/6) Reloading system manager configuration...
  Skipped: Current root is not booted.
(5/6) Arming ConditionNeedsUpdate...
(6/6) Checking for old perl modules...
==> Making package: shelly-bin 3.0.6-1 (Sun Aug 16 08:39:47 2026)
==> WARNING: Skipping dependency checks.
==> Retrieving sources...
  -> Found Shelly-ALPM-linux-x64-3.0.6.tar.gz
==> Validating source files with sha256sums...
    Shelly-ALPM-linux-x64-3.0.6.tar.gz ... Passed
==> Extracting sources...
  -> Extracting Shelly-ALPM-linux-x64-3.0.6.tar.gz with bsdtar
==> Entering fakeroot environment...
==> Starting package()...
==> Tidying install...
  -> Removing libtool files...
  -> Removing static library files...
  -> Purging unwanted files...
  -> Stripping unneeded symbols from binaries and libraries...
Error while writing index for `/home/builder/build/shelly-bin-local/pkg/shelly-bin/usr/bin/shelly': No debugging symbols
gdb-add-index: No index was created for ./usr/bin/shelly
gdb-add-index: [Was there no debuginfo? Was there already an index?]
Error while writing index for `/home/builder/build/shelly-bin-local/pkg/shelly-bin/usr/bin/shelly-key': No debugging symbols
gdb-add-index: No index was created for ./usr/bin/shelly-key
gdb-add-index: [Was there no debuginfo? Was there already an index?]
  -> Compressing man and info pages...
==> Checking for packaging issues...
==> Creating package "shelly-bin"...
  -> Generating .PKGINFO file...
  -> Generating .BUILDINFO file...
  -> Generating .MTREE file...
  -> Compressing package...
==> Creating package "shelly-bin-debug"...
  -> Generating .PKGINFO file...
  -> Generating .BUILDINFO file...
  -> Generating .MTREE file...
  -> Compressing package...
==> Leaving fakeroot environment.
==> Finished making: shelly-bin 3.0.6-1 (Sun Aug 16 08:39:50 2026)
[+] shelly-bin built:
total 6.6M
drwxr-xr-x 1 root root  160 Aug 16 08:39 .
drwxr-xr-x 1 root root   40 Aug 16 08:38 ..
-rw-r--r-- 1 root root 2.6M Aug 16 08:39 shelly-bin-3.0.6-1-x86_64.pkg.tar.zst
-rw-r--r-- 1 root root 4.1M Aug 16 08:39 shelly-bin-debug-3.0.6-1-x86_64.pkg.tar.zst
